Archive member included to satisfy reference by file (symbol)

c:/st/stm32cubeide_1.6.1/stm32cubeide/plugins/com.st.stm32cube.ide.mcu.externaltools.gnu-tools-for-stm32.9-2020-q2-update.win32_1.5.0.202011040924/tools/bin/../lib/gcc/arm-none-eabi/9.3.1/../../../../arm-none-eabi/lib/thumb/v7-m/nofp\libc_nano.a(lib_a-errno.o)
                              Core/Src/syscalls.o (__errno)
c:/st/stm32cubeide_1.6.1/stm32cubeide/plugins/com.st.stm32cube.ide.mcu.externaltools.gnu-tools-for-stm32.9-2020-q2-update.win32_1.5.0.202011040924/tools/bin/../lib/gcc/arm-none-eabi/9.3.1/../../../../arm-none-eabi/lib/thumb/v7-m/nofp\libc_nano.a(lib_a-exit.o)
                              c:/st/stm32cubeide_1.6.1/stm32cubeide/plugins/com.st.stm32cube.ide.mcu.externaltools.gnu-tools-for-stm32.9-2020-q2-update.win32_1.5.0.202011040924/tools/bin/../lib/gcc/arm-none-eabi/9.3.1/../../../../arm-none-eabi/lib/thumb/v7-m/nofp/crt0.o (exit)
c:/st/stm32cubeide_1.6.1/stm32cubeide/plugins/com.st.stm32cube.ide.mcu.externaltools.gnu-tools-for-stm32.9-2020-q2-update.win32_1.5.0.202011040924/tools/bin/../lib/gcc/arm-none-eabi/9.3.1/../../../../arm-none-eabi/lib/thumb/v7-m/nofp\libc_nano.a(lib_a-impure.o)
                              c:/st/stm32cubeide_1.6.1/stm32cubeide/plugins/com.st.stm32cube.ide.mcu.externaltools.gnu-tools-for-stm32.9-2020-q2-update.win32_1.5.0.202011040924/tools/bin/../lib/gcc/arm-none-eabi/9.3.1/../../../../arm-none-eabi/lib/thumb/v7-m/nofp\libc_nano.a(lib_a-exit.o) (_global_impure_ptr)
c:/st/stm32cubeide_1.6.1/stm32cubeide/plugins/com.st.stm32cube.ide.mcu.externaltools.gnu-tools-for-stm32.9-2020-q2-update.win32_1.5.0.202011040924/tools/bin/../lib/gcc/arm-none-eabi/9.3.1/../../../../arm-none-eabi/lib/thumb/v7-m/nofp\libc_nano.a(lib_a-init.o)
                              c:/st/stm32cubeide_1.6.1/stm32cubeide/plugins/com.st.stm32cube.ide.mcu.externaltools.gnu-tools-for-stm32.9-2020-q2-update.win32_1.5.0.202011040924/tools/bin/../lib/gcc/arm-none-eabi/9.3.1/../../../../arm-none-eabi/lib/thumb/v7-m/nofp/crt0.o (__libc_init_array)
c:/st/stm32cubeide_1.6.1/stm32cubeide/plugins/com.st.stm32cube.ide.mcu.externaltools.gnu-tools-for-stm32.9-2020-q2-update.win32_1.5.0.202011040924/tools/bin/../lib/gcc/arm-none-eabi/9.3.1/../../../../arm-none-eabi/lib/thumb/v7-m/nofp\libc_nano.a(lib_a-memset.o)
                              c:/st/stm32cubeide_1.6.1/stm32cubeide/plugins/com.st.stm32cube.ide.mcu.externaltools.gnu-tools-for-stm32.9-2020-q2-update.win32_1.5.0.202011040924/tools/bin/../lib/gcc/arm-none-eabi/9.3.1/../../../../arm-none-eabi/lib/thumb/v7-m/nofp/crt0.o (memset)

Allocating common symbols
Common symbol       size              file

rx_header           0x1c              Core/Src/main.o
uwTick              0x4               Drivers/STM32F1xx_HAL_Driver/Src/stm32f1xx_hal.o
pFlash              0x20              Drivers/STM32F1xx_HAL_Driver/Src/stm32f1xx_hal_flash.o

Discarded input sections

 .text          0x0000000000000000        0x0 c:/st/stm32cubeide_1.6.1/stm32cubeide/plugins/com.st.stm32cube.ide.mcu.externaltools.gnu-tools-for-stm32.9-2020-q2-update.win32_1.5.0.202011040924/tools/bin/../lib/gcc/arm-none-eabi/9.3.1/thumb/v7-m/nofp/crti.o
 .data          0x0000000000000000        0x0 c:/st/stm32cubeide_1.6.1/stm32cubeide/plugins/com.st.stm32cube.ide.mcu.externaltools.gnu-tools-for-stm32.9-2020-q2-update.win32_1.5.0.202011040924/tools/bin/../lib/gcc/arm-none-eabi/9.3.1/thumb/v7-m/nofp/crti.o
 .bss           0x0000000000000000        0x0 c:/st/stm32cubeide_1.6.1/stm32cubeide/plugins/com.st.stm32cube.ide.mcu.externaltools.gnu-tools-for-stm32.9-2020-q2-update.win32_1.5.0.202011040924/tools/bin/../lib/gcc/arm-none-eabi/9.3.1/thumb/v7-m/nofp/crti.o
 .data          0x0000000000000000        0x4 c:/st/stm32cubeide_1.6.1/stm32cubeide/plugins/com.st.stm32cube.ide.mcu.externaltools.gnu-tools-for-stm32.9-2020-q2-update.win32_1.5.0.202011040924/tools/bin/../lib/gcc/arm-none-eabi/9.3.1/thumb/v7-m/nofp/crtbegin.o
 .text          0x0000000000000000       0x7c c:/st/stm32cubeide_1.6.1/stm32cubeide/plugins/com.st.stm32cube.ide.mcu.externaltools.gnu-tools-for-stm32.9-2020-q2-update.win32_1.5.0.202011040924/tools/bin/../lib/gcc/arm-none-eabi/9.3.1/../../../../arm-none-eabi/lib/thumb/v7-m/nofp/crt0.o
 .data          0x0000000000000000        0x0 c:/st/stm32cubeide_1.6.1/stm32cubeide/plugins/com.st.stm32cube.ide.mcu.externaltools.gnu-tools-for-stm32.9-2020-q2-update.win32_1.5.0.202011040924/tools/bin/../lib/gcc/arm-none-eabi/9.3.1/../../../../arm-none-eabi/lib/thumb/v7-m/nofp/crt0.o
 .bss           0x0000000000000000        0x0 c:/st/stm32cubeide_1.6.1/stm32cubeide/plugins/com.st.stm32cube.ide.mcu.externaltools.gnu-tools-for-stm32.9-2020-q2-update.win32_1.5.0.202011040924/tools/bin/../lib/gcc/arm-none-eabi/9.3.1/../../../../arm-none-eabi/lib/thumb/v7-m/nofp/crt0.o
[...]
Memory Configuration

Name             Origin             Length             Attributes
RAM              0x0000000020000000 0x0000000000005000 xrw
FLASH            0x0000000008000000 0x0000000000010000 xr
*default*        0x0000000000000000 0xffffffffffffffff

Linker script and memory map

LOAD c:/st/stm32cubeide_1.6.1/stm32cubeide/plugins/com.st.stm32cube.ide.mcu.externaltools.gnu-tools-for-stm32.9-2020-q2-update.win32_1.5.0.202011040924/tools/bin/../lib/gcc/arm-none-eabi/9.3.1/thumb/v7-m/nofp/crti.o
LOAD c:/st/stm32cubeide_1.6.1/stm32cubeide/plugins/com.st.stm32cube.ide.mcu.externaltools.gnu-tools-for-stm32.9-2020-q2-update.win32_1.5.0.202011040924/tools/bin/../lib/gcc/arm-none-eabi/9.3.1/thumb/v7-m/nofp/crtbegin.o
LOAD c:/st/stm32cubeide_1.6.1/stm32cubeide/plugins/com.st.stm32cube.ide.mcu.externaltools.gnu-tools-for-stm32.9-2020-q2-update.win32_1.5.0.202011040924/tools/bin/../lib/gcc/arm-none-eabi/9.3.1/../../../../arm-none-eabi/lib/thumb/v7-m/nofp/crt0.o
LOAD Core/Src/CanClass.o
LOAD Core/Src/led.o
LOAD Core/Src/main.o
LOAD Core/Src/solenoid_drive(sld).o
LOAD Core/Src/stm32f1xx_hal_msp.o
LOAD Core/Src/stm32f1xx_it.o
LOAD Core/Src/syscalls.o
LOAD Core/Src/sysmem.o
LOAD Core/Src/system_stm32f1xx.o
LOAD Core/Src/wrapper.o
LOAD Core/Startup/startup_stm32f103c8tx.o
LOAD Drivers/STM32F1xx_HAL_Driver/Src/stm32f1xx_hal.o
LOAD Drivers/STM32F1xx_HAL_Driver/Src/stm32f1xx_hal_can.o
LOAD Drivers/STM32F1xx_HAL_Driver/Src/stm32f1xx_hal_cortex.o
LOAD Drivers/STM32F1xx_HAL_Driver/Src/stm32f1xx_hal_dma.o
LOAD Drivers/STM32F1xx_HAL_Driver/Src/stm32f1xx_hal_exti.o
LOAD Drivers/STM32F1xx_HAL_Driver/Src/stm32f1xx_hal_flash.o
LOAD Drivers/STM32F1xx_HAL_Driver/Src/stm32f1xx_hal_flash_ex.o
LOAD Drivers/STM32F1xx_HAL_Driver/Src/stm32f1xx_hal_gpio.o
LOAD Drivers/STM32F1xx_HAL_Driver/Src/stm32f1xx_hal_gpio_ex.o
LOAD Drivers/STM32F1xx_HAL_Driver/Src/stm32f1xx_hal_pwr.o
LOAD Drivers/STM32F1xx_HAL_Driver/Src/stm32f1xx_hal_rcc.o
LOAD Drivers/STM32F1xx_HAL_Driver/Src/stm32f1xx_hal_rcc_ex.o
LOAD Drivers/STM32F1xx_HAL_Driver/Src/stm32f1xx_hal_tim.o
LOAD Drivers/STM32F1xx_HAL_Driver/Src/stm32f1xx_hal_tim_ex.o
START GROUP
LOAD c:/st/stm32cubeide_1.6.1/stm32cubeide/plugins/com.st.stm32cube.ide.mcu.externaltools.gnu-tools-for-stm32.9-2020-q2-update.win32_1.5.0.202011040924/tools/bin/../lib/gcc/arm-none-eabi/9.3.1/../../../../arm-none-eabi/lib/thumb/v7-m/nofp\libstdc++_nano.a
LOAD c:/st/stm32cubeide_1.6.1/stm32cubeide/plugins/com.st.stm32cube.ide.mcu.externaltools.gnu-tools-for-stm32.9-2020-q2-update.win32_1.5.0.202011040924/tools/bin/../lib/gcc/arm-none-eabi/9.3.1/../../../../arm-none-eabi/lib/thumb/v7-m/nofp\libsupc++_nano.a
END GROUP
LOAD c:/st/stm32cubeide_1.6.1/stm32cubeide/plugins/com.st.stm32cube.ide.mcu.externaltools.gnu-tools-for-stm32.9-2020-q2-update.win32_1.5.0.202011040924/tools/bin/../lib/gcc/arm-none-eabi/9.3.1/../../../../arm-none-eabi/lib/thumb/v7-m/nofp\libstdc++_nano.a
LOAD c:/st/stm32cubeide_1.6.1/stm32cubeide/plugins/com.st.stm32cube.ide.mcu.externaltools.gnu-tools-for-stm32.9-2020-q2-update.win32_1.5.0.202011040924/tools/bin/../lib/gcc/arm-none-eabi/9.3.1/../../../../arm-none-eabi/lib/thumb/v7-m/nofp\libm.a
LOAD c:/st/stm32cubeide_1.6.1/stm32cubeide/plugins/com.st.stm32cube.ide.mcu.externaltools.gnu-tools-for-stm32.9-2020-q2-update.win32_1.5.0.202011040924/tools/bin/../lib/gcc/arm-none-eabi/9.3.1/../../../../arm-none-eabi/lib/thumb/v7-m/nofp\libc_nano.a
START GROUP
LOAD c:/st/stm32cubeide_1.6.1/stm32cubeide/plugins/com.st.stm32cube.ide.mcu.externaltools.gnu-tools-for-stm32.9-2020-q2-update.win32_1.5.0.202011040924/tools/bin/../lib/gcc/arm-none-eabi/9.3.1/thumb/v7-m/nofp\libgcc.a
LOAD c:/st/stm32cubeide_1.6.1/stm32cubeide/plugins/com.st.stm32cube.ide.mcu.externaltools.gnu-tools-for-stm32.9-2020-q2-update.win32_1.5.0.202011040924/tools/bin/../lib/gcc/arm-none-eabi/9.3.1/../../../../arm-none-eabi/lib/thumb/v7-m/nofp\libc_nano.a
END GROUP
START GROUP
LOAD c:/st/stm32cubeide_1.6.1/stm32cubeide/plugins/com.st.stm32cube.ide.mcu.externaltools.gnu-tools-for-stm32.9-2020-q2-update.win32_1.5.0.202011040924/tools/bin/../lib/gcc/arm-none-eabi/9.3.1/thumb/v7-m/nofp\libgcc.a
LOAD c:/st/stm32cubeide_1.6.1/stm32cubeide/plugins/com.st.stm32cube.ide.mcu.externaltools.gnu-tools-for-stm32.9-2020-q2-update.win32_1.5.0.202011040924/tools/bin/../lib/gcc/arm-none-eabi/9.3.1/../../../../arm-none-eabi/lib/thumb/v7-m/nofp\libc_nano.a
LOAD c:/st/stm32cubeide_1.6.1/stm32cubeide/plugins/com.st.stm32cube.ide.mcu.externaltools.gnu-tools-for-stm32.9-2020-q2-update.win32_1.5.0.202011040924/tools/bin/../lib/gcc/arm-none-eabi/9.3.1/../../../../arm-none-eabi/lib/thumb/v7-m/nofp\libnosys.a
END GROUP
START GROUP
LOAD c:/st/stm32cubeide_1.6.1/stm32cubeide/plugins/com.st.stm32cube.ide.mcu.externaltools.gnu-tools-for-stm32.9-2020-q2-update.win32_1.5.0.202011040924/tools/bin/../lib/gcc/arm-none-eabi/9.3.1/thumb/v7-m/nofp\libgcc.a
LOAD c:/st/stm32cubeide_1.6.1/stm32cubeide/plugins/com.st.stm32cube.ide.mcu.externaltools.gnu-tools-for-stm32.9-2020-q2-update.win32_1.5.0.202011040924/tools/bin/../lib/gcc/arm-none-eabi/9.3.1/../../../../arm-none-eabi/lib/thumb/v7-m/nofp\libc_nano.a
LOAD c:/st/stm32cubeide_1.6.1/stm32cubeide/plugins/com.st.stm32cube.ide.mcu.externaltools.gnu-tools-for-stm32.9-2020-q2-update.win32_1.5.0.202011040924/tools/bin/../lib/gcc/arm-none-eabi/9.3.1/../../../../arm-none-eabi/lib/thumb/v7-m/nofp\libnosys.a
END GROUP
LOAD c:/st/stm32cubeide_1.6.1/stm32cubeide/plugins/com.st.stm32cube.ide.mcu.externaltools.gnu-tools-for-stm32.9-2020-q2-update.win32_1.5.0.202011040924/tools/bin/../lib/gcc/arm-none-eabi/9.3.1/thumb/v7-m/nofp/crtend.o
LOAD c:/st/stm32cubeide_1.6.1/stm32cubeide/plugins/com.st.stm32cube.ide.mcu.externaltools.gnu-tools-for-stm32.9-2020-q2-update.win32_1.5.0.202011040924/tools/bin/../lib/gcc/arm-none-eabi/9.3.1/thumb/v7-m/nofp/crtn.o
                0x0000000020005000                _estack = (ORIGIN (RAM) + LENGTH (RAM))
                0x0000000000000200                _Min_Heap_Size = 0x200
                0x0000000000000400                _Min_Stack_Size = 0x400

.isr_vector     0x0000000008000000      0x10c
                0x0000000008000000                . = ALIGN (0x4)
 *(.isr_vector)
 .isr_vector    0x0000000008000000      0x10c Core/Startup/startup_stm32f103c8tx.o
                0x0000000008000000                g_pfnVectors
                0x000000000800010c                . = ALIGN (0x4)

.text           0x000000000800010c     0x25f8
                0x000000000800010c                . = ALIGN (0x4)
 *(.text)
 .text          0x000000000800010c       0x40 c:/st/stm32cubeide_1.6.1/stm32cubeide/plugins/com.st.stm32cube.ide.mcu.externaltools.gnu-tools-for-stm32.9-2020-q2-update.win32_1.5.0.202011040924/tools/bin/../lib/gcc/arm-none-eabi/9.3.1/thumb/v7-m/nofp/crtbegin.o
 *(.text*)
 .text._ZN8CanClassC2Ev
                0x000000000800014c       0x28 Core/Src/CanClass.o
                0x000000000800014c                CanClass::CanClass()
                0x000000000800014c                CanClass::CanClass()
 .text._ZN8CanClass4initEmm
                0x0000000008000174       0x56 Core/Src/CanClass.o
                0x0000000008000174                CanClass::init(unsigned long, unsigned long)
 *fill*         0x00000000080001ca        0x2 
 .text._ZN8CanClass14can_set_filterEmm
                0x00000000080001cc       0xb0 Core/Src/CanClass.o
                0x00000000080001cc                CanClass::can_set_filter(unsigned long, unsigned long)
 .text._ZN8CanClass10can_enableEv
                0x000000000800027c       0xc0 Core/Src/CanClass.o
                0x000000000800027c                CanClass::can_enable()
 .text._ZN8CanClass15can_set_bitrateEm
                0x000000000800033c       0xd4 Core/Src/CanClass.o
                0x000000000800033c                CanClass::can_set_bitrate(unsigned long)
 .text._ZN8CanClass14can_set_silentEh
                0x0000000008000410       0x3c Core/Src/CanClass.o
                0x0000000008000410                CanClass::can_set_silent(unsigned char)
 .text._ZN8CanClass6can_rxEP19CAN_RxHeaderTypeDefRA8_h
                0x000000000800044c       0x2c Core/Src/CanClass.o
                0x000000000800044c                CanClass::can_rx(CAN_RxHeaderTypeDef*, unsigned char (&) [8])
 .text._ZN8CanClass5enditEv
                0x0000000008000478       0x1e Core/Src/CanClass.o
                0x0000000008000478                CanClass::endit()
 *fill*         0x0000000008000496        0x2 
 .text._ZN8CanClass6led_onEv
                0x0000000008000498       0x4c Core/Src/CanClass.o
                0x0000000008000498                CanClass::led_on()
 .text._ZN8CanClass11led_processEv
                0x00000000080004e4       0x58 Core/Src/CanClass.o
                0x00000000080004e4                CanClass::led_process()
 .text._ZN8CanClass13Error_HandlerEv
                0x000000000800053c       0x12 Core/Src/CanClass.o
                0x000000000800053c                CanClass::Error_Handler()
 *fill*         0x000000000800054e        0x2 
 .text.led_on   0x0000000008000550       0x40 Core/Src/led.o
                0x0000000008000550                led_on
 .text.led_process
                0x0000000008000590       0x48 Core/Src/led.o
                0x0000000008000590                led_process
 .text.main     0x00000000080005d8       0x1a Core/Src/main.o
                0x00000000080005d8                main
 .text.SystemClock_Config
                0x00000000080005f2       0x8a Core/Src/main.o
                0x00000000080005f2                SystemClock_Config
 .text.MX_CAN_Init
                0x000000000800067c       0x68 Core/Src/main.o
 .text.MX_GPIO_Init
                0x00000000080006e4      0x138 Core/Src/main.o
 .text.Error_Handler
                0x000000000800081c        0xc Core/Src/main.o
                0x000000000800081c                Error_Handler
 .text._Z13SolenoidDriveh
                0x0000000008000828       0x88 Core/Src/solenoid_drive(sld).o
                0x0000000008000828                SolenoidDrive(unsigned char)
 .text._Z6enablev
                0x00000000080008b0       0x2c Core/Src/solenoid_drive(sld).o
                0x00000000080008b0                enable()
 .text._Z7disablev
                0x00000000080008dc       0x3c Core/Src/solenoid_drive(sld).o
                0x00000000080008dc                disable()
 .text._Z12is_ES_openedv
                0x0000000008000918       0x2c Core/Src/solenoid_drive(sld).o
                0x0000000008000918                is_ES_opened()
 .text.HAL_MspInit
                0x0000000008000944       0x64 Core/Src/stm32f1xx_hal_msp.o
                0x0000000008000944                HAL_MspInit
 .text.HAL_CAN_MspInit
                0x00000000080009a8       0xd0 Core/Src/stm32f1xx_hal_msp.o
                0x00000000080009a8                HAL_CAN_MspInit
 .text.NMI_Handler
                0x0000000008000a78        0x6 Core/Src/stm32f1xx_it.o
                0x0000000008000a78                NMI_Handler
 .text.HardFault_Handler
                0x0000000008000a7e        0x6 Core/Src/stm32f1xx_it.o
                0x0000000008000a7e                HardFault_Handler
 .text.MemManage_Handler
                0x0000000008000a84        0x6 Core/Src/stm32f1xx_it.o
                0x0000000008000a84                MemManage_Handler
 .text.BusFault_Handler
                0x0000000008000a8a        0x6 Core/Src/stm32f1xx_it.o
                0x0000000008000a8a                BusFault_Handler
 .text.UsageFault_Handler
                0x0000000008000a90        0x6 Core/Src/stm32f1xx_it.o
                0x0000000008000a90                UsageFault_Handler
 .text.SVC_Handler
                0x0000000008000a96        0xc Core/Src/stm32f1xx_it.o
                0x0000000008000a96                SVC_Handler
 .text.DebugMon_Handler
                0x0000000008000aa2        0xc Core/Src/stm32f1xx_it.o
                0x0000000008000aa2                DebugMon_Handler
 .text.PendSV_Handler
                0x0000000008000aae        0xc Core/Src/stm32f1xx_it.o
                0x0000000008000aae                PendSV_Handler
 .text.SysTick_Handler
                0x0000000008000aba        0xc Core/Src/stm32f1xx_it.o
                0x0000000008000aba                SysTick_Handler
 *fill*         0x0000000008000ac6        0x2 
 .text.USB_LP_CAN1_RX0_IRQHandler
                0x0000000008000ac8       0x14 Core/Src/stm32f1xx_it.o
                0x0000000008000ac8                USB_LP_CAN1_RX0_IRQHandler
 .text.EXTI15_10_IRQHandler
                0x0000000008000adc       0x10 Core/Src/stm32f1xx_it.o
                0x0000000008000adc                EXTI15_10_IRQHandler
 .text.SystemInit
                0x0000000008000aec        0xc Core/Src/system_stm32f1xx.o
                0x0000000008000aec                SystemInit
 .text.HAL_CAN_RxFifo0MsgPendingCallback
                0x0000000008000af8       0x70 Core/Src/wrapper.o
                0x0000000008000af8                HAL_CAN_RxFifo0MsgPendingCallback
 .text.HAL_GPIO_EXTI_Callback
                0x0000000008000b68       0x3c Core/Src/wrapper.o
                0x0000000008000b68                HAL_GPIO_EXTI_Callback
 .text.main_cpp
                0x0000000008000ba4       0x34 Core/Src/wrapper.o
                0x0000000008000ba4                main_cpp
 .text._ZN8CanClass7receiveIhEEbRT_m
                0x0000000008000bd8       0x9e Core/Src/wrapper.o
                0x0000000008000bd8                bool CanClass::receive<unsigned char>(unsigned char&, unsigned long)
 *fill*         0x0000000008000c76        0x2 
 .text._Z41__static_initialization_and_destruction_0ii
                0x0000000008000c78       0x2c Core/Src/wrapper.o
 .text._GLOBAL__sub_I_HAL_CAN_RxFifo0MsgPendingCallback
                0x0000000008000ca4       0x10 Core/Src/wrapper.o
 .text.Reset_Handler
                0x0000000008000cb4       0x48 Core/Startup/startup_stm32f103c8tx.o
                0x0000000008000cb4                Reset_Handler
 .text.Default_Handler
                0x0000000008000cfc        0x2 Core/Startup/startup_stm32f103c8tx.o
                0x0000000008000cfc                RTC_Alarm_IRQHandler
                0x0000000008000cfc                EXTI2_IRQHandler
                0x0000000008000cfc                TIM1_CC_IRQHandler
                0x0000000008000cfc                PVD_IRQHandler
                0x0000000008000cfc                EXTI3_IRQHandler
                0x0000000008000cfc                EXTI0_IRQHandler
                0x0000000008000cfc                I2C2_EV_IRQHandler
                0x0000000008000cfc                ADC1_2_IRQHandler
                0x0000000008000cfc                SPI1_IRQHandler
                0x0000000008000cfc                TAMPER_IRQHandler
                0x0000000008000cfc                DMA1_Channel4_IRQHandler
                0x0000000008000cfc                USART3_IRQHandler
                0x0000000008000cfc                RTC_IRQHandler
                0x0000000008000cfc                DMA1_Channel7_IRQHandler
                0x0000000008000cfc                CAN1_RX1_IRQHandler
                0x0000000008000cfc                TIM4_IRQHandler
                0x0000000008000cfc                I2C1_EV_IRQHandler
                0x0000000008000cfc                DMA1_Channel6_IRQHandler
                0x0000000008000cfc                TIM3_IRQHandler
                0x0000000008000cfc                RCC_IRQHandler
                0x0000000008000cfc                TIM1_TRG_COM_IRQHandler
                0x0000000008000cfc                DMA1_Channel1_IRQHandler
                0x0000000008000cfc                Default_Handler
                0x0000000008000cfc                EXTI9_5_IRQHandler
                0x0000000008000cfc                SPI2_IRQHandler
                0x0000000008000cfc                DMA1_Channel5_IRQHandler
                0x0000000008000cfc                EXTI4_IRQHandler
                0x0000000008000cfc                USB_HP_CAN1_TX_IRQHandler
                0x0000000008000cfc                DMA1_Channel3_IRQHandler
                0x0000000008000cfc                TIM1_UP_IRQHandler
                0x0000000008000cfc                WWDG_IRQHandler
                0x0000000008000cfc                TIM2_IRQHandler
                0x0000000008000cfc                TIM1_BRK_IRQHandler
                0x0000000008000cfc                EXTI1_IRQHandler
                0x0000000008000cfc                USART2_IRQHandler
                0x0000000008000cfc                I2C2_ER_IRQHandler
                0x0000000008000cfc                DMA1_Channel2_IRQHandler
                0x0000000008000cfc                CAN1_SCE_IRQHandler
                0x0000000008000cfc                FLASH_IRQHandler
                0x0000000008000cfc                USART1_IRQHandler
                0x0000000008000cfc                I2C1_ER_IRQHandler
                0x0000000008000cfc                USBWakeUp_IRQHandler
 *fill*         0x0000000008000cfe        0x2 
 .text.HAL_Init
                0x0000000008000d00       0x2c Drivers/STM32F1xx_HAL_Driver/Src/stm32f1xx_hal.o
                0x0000000008000d00                HAL_Init
 .text.HAL_InitTick
                0x0000000008000d2c       0x60 Drivers/STM32F1xx_HAL_Driver/Src/stm32f1xx_hal.o
                0x0000000008000d2c                HAL_InitTick
 .text.HAL_IncTick
                0x0000000008000d8c       0x24 Drivers/STM32F1xx_HAL_Driver/Src/stm32f1xx_hal.o
                0x0000000008000d8c                HAL_IncTick
 .text.HAL_GetTick
                0x0000000008000db0       0x14 Drivers/STM32F1xx_HAL_Driver/Src/stm32f1xx_hal.o
                0x0000000008000db0                HAL_GetTick
 .text.HAL_Delay
                0x0000000008000dc4       0x48 Drivers/STM32F1xx_HAL_Driver/Src/stm32f1xx_hal.o
                0x0000000008000dc4                HAL_Delay
 .text.HAL_CAN_Init
                0x0000000008000e0c      0x1f6 Drivers/STM32F1xx_HAL_Driver/Src/stm32f1xx_hal_can.o
                0x0000000008000e0c                HAL_CAN_Init
 .text.HAL_CAN_ConfigFilter
                0x0000000008001002      0x192 Drivers/STM32F1xx_HAL_Driver/Src/stm32f1xx_hal_can.o
                0x0000000008001002                HAL_CAN_ConfigFilter
 .text.HAL_CAN_Start
                0x0000000008001194       0x88 Drivers/STM32F1xx_HAL_Driver/Src/stm32f1xx_hal_can.o
                0x0000000008001194                HAL_CAN_Start
 .text.HAL_CAN_GetRxMessage
                0x000000000800121c      0x222 Drivers/STM32F1xx_HAL_Driver/Src/stm32f1xx_hal_can.o
                0x000000000800121c                HAL_CAN_GetRxMessage
 .text.HAL_CAN_ActivateNotification
                0x000000000800143e       0x4a Drivers/STM32F1xx_HAL_Driver/Src/stm32f1xx_hal_can.o
                0x000000000800143e                HAL_CAN_ActivateNotification
 .text.HAL_CAN_IRQHandler
                0x0000000008001488      0x36e Drivers/STM32F1xx_HAL_Driver/Src/stm32f1xx_hal_can.o
                0x0000000008001488                HAL_CAN_IRQHandler
 .text.HAL_CAN_TxMailbox0CompleteCallback
                0x00000000080017f6       0x12 Drivers/STM32F1xx_HAL_Driver/Src/stm32f1xx_hal_can.o
                0x00000000080017f6                HAL_CAN_TxMailbox0CompleteCallback
 .text.HAL_CAN_TxMailbox1CompleteCallback
                0x0000000008001808       0x12 Drivers/STM32F1xx_HAL_Driver/Src/stm32f1xx_hal_can.o
                0x0000000008001808                HAL_CAN_TxMailbox1CompleteCallback
 .text.HAL_CAN_TxMailbox2CompleteCallback
                0x000000000800181a       0x12 Drivers/STM32F1xx_HAL_Driver/Src/stm32f1xx_hal_can.o
                0x000000000800181a                HAL_CAN_TxMailbox2CompleteCallback
 .text.HAL_CAN_TxMailbox0AbortCallback
                0x000000000800182c       0x12 Drivers/STM32F1xx_HAL_Driver/Src/stm32f1xx_hal_can.o
                0x000000000800182c                HAL_CAN_TxMailbox0AbortCallback
 .text.HAL_CAN_TxMailbox1AbortCallback
                0x000000000800183e       0x12 Drivers/STM32F1xx_HAL_Driver/Src/stm32f1xx_hal_can.o
                0x000000000800183e                HAL_CAN_TxMailbox1AbortCallback
 .text.HAL_CAN_TxMailbox2AbortCallback
                0x0000000008001850       0x12 Drivers/STM32F1xx_HAL_Driver/Src/stm32f1xx_hal_can.o
                0x0000000008001850                HAL_CAN_TxMailbox2AbortCallback
 .text.HAL_CAN_RxFifo0FullCallback
                0x0000000008001862       0x12 Drivers/STM32F1xx_HAL_Driver/Src/stm32f1xx_hal_can.o
                0x0000000008001862                HAL_CAN_RxFifo0FullCallback
 .text.HAL_CAN_RxFifo1MsgPendingCallback
                0x0000000008001874       0x12 Drivers/STM32F1xx_HAL_Driver/Src/stm32f1xx_hal_can.o
                0x0000000008001874                HAL_CAN_RxFifo1MsgPendingCallback
 .text.HAL_CAN_RxFifo1FullCallback
                0x0000000008001886       0x12 Drivers/STM32F1xx_HAL_Driver/Src/stm32f1xx_hal_can.o
                0x0000000008001886                HAL_CAN_RxFifo1FullCallback
 .text.HAL_CAN_SleepCallback
                0x0000000008001898       0x12 Drivers/STM32F1xx_HAL_Driver/Src/stm32f1xx_hal_can.o
                0x0000000008001898                HAL_CAN_SleepCallback
 .text.HAL_CAN_WakeUpFromRxMsgCallback
                0x00000000080018aa       0x12 Drivers/STM32F1xx_HAL_Driver/Src/stm32f1xx_hal_can.o
                0x00000000080018aa                HAL_CAN_WakeUpFromRxMsgCallback
 .text.HAL_CAN_ErrorCallback
                0x00000000080018bc       0x12 Drivers/STM32F1xx_HAL_Driver/Src/stm32f1xx_hal_can.o
                0x00000000080018bc                HAL_CAN_ErrorCallback
 *fill*         0x00000000080018ce        0x2 
 .text.__NVIC_SetPriorityGrouping
                0x00000000080018d0       0x48 Drivers/STM32F1xx_HAL_Driver/Src/stm32f1xx_hal_cortex.o
 .text.__NVIC_GetPriorityGrouping
                0x0000000008001918       0x1c Drivers/STM32F1xx_HAL_Driver/Src/stm32f1xx_hal_cortex.o
 .text.__NVIC_EnableIRQ
                0x0000000008001934       0x38 Drivers/STM32F1xx_HAL_Driver/Src/stm32f1xx_hal_cortex.o
 .text.__NVIC_SetPriority
                0x000000000800196c       0x54 Drivers/STM32F1xx_HAL_Driver/Src/stm32f1xx_hal_cortex.o
 .text.NVIC_EncodePriority
                0x00000000080019c0       0x64 Drivers/STM32F1xx_HAL_Driver/Src/stm32f1xx_hal_cortex.o
 .text.SysTick_Config
                0x0000000008001a24       0x44 Drivers/STM32F1xx_HAL_Driver/Src/stm32f1xx_hal_cortex.o
 .text.HAL_NVIC_SetPriorityGrouping
                0x0000000008001a68       0x16 Drivers/STM32F1xx_HAL_Driver/Src/stm32f1xx_hal_cortex.o
                0x0000000008001a68                HAL_NVIC_SetPriorityGrouping
 .text.HAL_NVIC_SetPriority
                0x0000000008001a7e       0x38 Drivers/STM32F1xx_HAL_Driver/Src/stm32f1xx_hal_cortex.o
                0x0000000008001a7e                HAL_NVIC_SetPriority
 .text.HAL_NVIC_EnableIRQ
                0x0000000008001ab6       0x1c Drivers/STM32F1xx_HAL_Driver/Src/stm32f1xx_hal_cortex.o
                0x0000000008001ab6                HAL_NVIC_EnableIRQ
 .text.HAL_SYSTICK_Config
                0x0000000008001ad2       0x18 Drivers/STM32F1xx_HAL_Driver/Src/stm32f1xx_hal_cortex.o
                0x0000000008001ad2                HAL_SYSTICK_Config
 *fill*         0x0000000008001aea        0x2 
 .text.HAL_GPIO_Init
                0x0000000008001aec      0x308 Drivers/STM32F1xx_HAL_Driver/Src/stm32f1xx_hal_gpio.o
                0x0000000008001aec                HAL_GPIO_Init
 .text.HAL_GPIO_WritePin
                0x0000000008001df4       0x30 Drivers/STM32F1xx_HAL_Driver/Src/stm32f1xx_hal_gpio.o
                0x0000000008001df4                HAL_GPIO_WritePin
 .text.HAL_GPIO_TogglePin
                0x0000000008001e24       0x32 Drivers/STM32F1xx_HAL_Driver/Src/stm32f1xx_hal_gpio.o
                0x0000000008001e24                HAL_GPIO_TogglePin
 *fill*         0x0000000008001e56        0x2 
 .text.HAL_GPIO_EXTI_IRQHandler
                0x0000000008001e58       0x30 Drivers/STM32F1xx_HAL_Driver/Src/stm32f1xx_hal_gpio.o
                0x0000000008001e58                HAL_GPIO_EXTI_IRQHandler
 .text.HAL_RCC_OscConfig
                0x0000000008001e88      0x500 Drivers/STM32F1xx_HAL_Driver/Src/stm32f1xx_hal_rcc.o
                0x0000000008001e88                HAL_RCC_OscConfig
 .text.HAL_RCC_ClockConfig
                0x0000000008002388      0x1d4 Drivers/STM32F1xx_HAL_Driver/Src/stm32f1xx_hal_rcc.o
                0x0000000008002388                HAL_RCC_ClockConfig
 .text.HAL_RCC_GetSysClockFreq
                0x000000000800255c       0xc0 Drivers/STM32F1xx_HAL_Driver/Src/stm32f1xx_hal_rcc.o
                0x000000000800255c                HAL_RCC_GetSysClockFreq
 .text.HAL_RCC_GetHCLKFreq
                0x000000000800261c       0x14 Drivers/STM32F1xx_HAL_Driver/Src/stm32f1xx_hal_rcc.o
                0x000000000800261c                HAL_RCC_GetHCLKFreq
 .text.HAL_RCC_GetPCLK1Freq
                0x0000000008002630       0x28 Drivers/STM32F1xx_HAL_Driver/Src/stm32f1xx_hal_rcc.o
                0x0000000008002630                HAL_RCC_GetPCLK1Freq
 .text.RCC_Delay
                0x0000000008002658       0x3c Drivers/STM32F1xx_HAL_Driver/Src/stm32f1xx_hal_rcc.o
 .text.__libc_init_array
                0x0000000008002694       0x48 c:/st/stm32cubeide_1.6.1/stm32cubeide/plugins/com.st.stm32cube.ide.mcu.externaltools.gnu-tools-for-stm32.9-2020-q2-update.win32_1.5.0.202011040924/tools/bin/../lib/gcc/arm-none-eabi/9.3.1/../../../../arm-none-eabi/lib/thumb/v7-m/nofp\libc_nano.a(lib_a-init.o)
                0x0000000008002694                __libc_init_array
 .text.memset   0x00000000080026dc       0x10 c:/st/stm32cubeide_1.6.1/stm32cubeide/plugins/com.st.stm32cube.ide.mcu.externaltools.gnu-tools-for-stm32.9-2020-q2-update.win32_1.5.0.202011040924/tools/bin/../lib/gcc/arm-none-eabi/9.3.1/../../../../arm-none-eabi/lib/thumb/v7-m/nofp\libc_nano.a(lib_a-memset.o)
                0x00000000080026dc                memset
 *(.glue_7)
 .glue_7        0x00000000080026ec        0x0 linker stubs
 *(.glue_7t)
 .glue_7t       0x00000000080026ec        0x0 linker stubs
 *(.eh_frame)
 .eh_frame      0x00000000080026ec        0x0 c:/st/stm32cubeide_1.6.1/stm32cubeide/plugins/com.st.stm32cube.ide.mcu.externaltools.gnu-tools-for-stm32.9-2020-q2-update.win32_1.5.0.202011040924/tools/bin/../lib/gcc/arm-none-eabi/9.3.1/thumb/v7-m/nofp/crtbegin.o
 *(.init)
 .init          0x00000000080026ec        0x4 c:/st/stm32cubeide_1.6.1/stm32cubeide/plugins/com.st.stm32cube.ide.mcu.externaltools.gnu-tools-for-stm32.9-2020-q2-update.win32_1.5.0.202011040924/tools/bin/../lib/gcc/arm-none-eabi/9.3.1/thumb/v7-m/nofp/crti.o
                0x00000000080026ec                _init
 .init          0x00000000080026f0        0x8 c:/st/stm32cubeide_1.6.1/stm32cubeide/plugins/com.st.stm32cube.ide.mcu.externaltools.gnu-tools-for-stm32.9-2020-q2-update.win32_1.5.0.202011040924/tools/bin/../lib/gcc/arm-none-eabi/9.3.1/thumb/v7-m/nofp/crtn.o
 *(.fini)
 .fini          0x00000000080026f8        0x4 c:/st/stm32cubeide_1.6.1/stm32cubeide/plugins/com.st.stm32cube.ide.mcu.externaltools.gnu-tools-for-stm32.9-2020-q2-update.win32_1.5.0.202011040924/tools/bin/../lib/gcc/arm-none-eabi/9.3.1/thumb/v7-m/nofp/crti.o
                0x00000000080026f8                _fini
 .fini          0x00000000080026fc        0x8 c:/st/stm32cubeide_1.6.1/stm32cubeide/plugins/com.st.stm32cube.ide.mcu.externaltools.gnu-tools-for-stm32.9-2020-q2-update.win32_1.5.0.202011040924/tools/bin/../lib/gcc/arm-none-eabi/9.3.1/thumb/v7-m/nofp/crtn.o
                0x0000000008002704                . = ALIGN (0x4)
                0x0000000008002704                _etext = .

.vfp11_veneer   0x0000000008002704        0x0
 .vfp11_veneer  0x0000000008002704        0x0 linker stubs

.v4_bx          0x0000000008002704        0x0
 .v4_bx         0x0000000008002704        0x0 linker stubs

.iplt           0x0000000008002704        0x0
 .iplt          0x0000000008002704        0x0 c:/st/stm32cubeide_1.6.1/stm32cubeide/plugins/com.st.stm32cube.ide.mcu.externaltools.gnu-tools-for-stm32.9-2020-q2-update.win32_1.5.0.202011040924/tools/bin/../lib/gcc/arm-none-eabi/9.3.1/thumb/v7-m/nofp/crtbegin.o

.rodata         0x0000000008002704       0x28
                0x0000000008002704                . = ALIGN (0x4)
 *(.rodata)
 .rodata        0x0000000008002704       0x10 Drivers/STM32F1xx_HAL_Driver/Src/stm32f1xx_hal_rcc.o
 *(.rodata*)
 .rodata.AHBPrescTable
                0x0000000008002714       0x10 Core/Src/system_stm32f1xx.o
                0x0000000008002714                AHBPrescTable
 .rodata.APBPrescTable
                0x0000000008002724        0x8 Core/Src/system_stm32f1xx.o
                0x0000000008002724                APBPrescTable
                0x000000000800272c                . = ALIGN (0x4)

.rel.dyn        0x000000000800272c        0x0
 .rel.iplt      0x000000000800272c        0x0 c:/st/stm32cubeide_1.6.1/stm32cubeide/plugins/com.st.stm32cube.ide.mcu.externaltools.gnu-tools-for-stm32.9-2020-q2-update.win32_1.5.0.202011040924/tools/bin/../lib/gcc/arm-none-eabi/9.3.1/thumb/v7-m/nofp/crtbegin.o

.ARM.extab      0x000000000800272c        0x0
                0x000000000800272c                . = ALIGN (0x4)
 *(.ARM.extab* .gnu.linkonce.armextab.*)
                0x000000000800272c                . = ALIGN (0x4)

.ARM            0x000000000800272c        0x0
                0x000000000800272c                . = ALIGN (0x4)
                0x000000000800272c                __exidx_start = .
 *(.ARM.exidx*)
                0x000000000800272c                __exidx_end = .
                0x000000000800272c                . = ALIGN (0x4)

.preinit_array  0x000000000800272c        0x0
                0x000000000800272c                . = ALIGN (0x4)
                0x000000000800272c                PROVIDE (__preinit_array_start = .)
 *(.preinit_array*)
                0x000000000800272c                PROVIDE (__preinit_array_end = .)
                0x000000000800272c                . = ALIGN (0x4)

.init_array     0x000000000800272c        0x8
                0x000000000800272c                . = ALIGN (0x4)
                0x000000000800272c                PROVIDE (__init_array_start = .)
 *(SORT_BY_NAME(.init_array.*))
 *(.init_array*)
 .init_array    0x000000000800272c        0x4 c:/st/stm32cubeide_1.6.1/stm32cubeide/plugins/com.st.stm32cube.ide.mcu.externaltools.gnu-tools-for-stm32.9-2020-q2-update.win32_1.5.0.202011040924/tools/bin/../lib/gcc/arm-none-eabi/9.3.1/thumb/v7-m/nofp/crtbegin.o
 .init_array    0x0000000008002730        0x4 Core/Src/wrapper.o
                0x0000000008002734                PROVIDE (__init_array_end = .)
                0x0000000008002734                . = ALIGN (0x4)

.fini_array     0x0000000008002734        0x4
                0x0000000008002734                . = ALIGN (0x4)
                [!provide]                        PROVIDE (__fini_array_start = .)
 *(SORT_BY_NAME(.fini_array.*))
 *(.fini_array*)
 .fini_array    0x0000000008002734        0x4 c:/st/stm32cubeide_1.6.1/stm32cubeide/plugins/com.st.stm32cube.ide.mcu.externaltools.gnu-tools-for-stm32.9-2020-q2-update.win32_1.5.0.202011040924/tools/bin/../lib/gcc/arm-none-eabi/9.3.1/thumb/v7-m/nofp/crtbegin.o
                [!provide]                        PROVIDE (__fini_array_end = .)
                0x0000000008002738                . = ALIGN (0x4)
                0x0000000008002738                _sidata = LOADADDR (.data)

.data           0x0000000020000000        0xc load address 0x0000000008002738
                0x0000000020000000                . = ALIGN (0x4)
                0x0000000020000000                _sdata = .
 *(.data)
 *(.data*)
 .data.SystemCoreClock
                0x0000000020000000        0x4 Core/Src/system_stm32f1xx.o
                0x0000000020000000                SystemCoreClock
 .data.uwTickPrio
                0x0000000020000004        0x4 Drivers/STM32F1xx_HAL_Driver/Src/stm32f1xx_hal.o
                0x0000000020000004                uwTickPrio
 .data.uwTickFreq
                0x0000000020000008        0x1 Drivers/STM32F1xx_HAL_Driver/Src/stm32f1xx_hal.o
                0x0000000020000008                uwTickFreq
 *(.RamFunc)
 *(.RamFunc*)
                0x000000002000000c                . = ALIGN (0x4)
 *fill*         0x0000000020000009        0x3 
                0x000000002000000c                _edata = .

.igot.plt       0x000000002000000c        0x0 load address 0x0000000008002744
 .igot.plt      0x000000002000000c        0x0 c:/st/stm32cubeide_1.6.1/stm32cubeide/plugins/com.st.stm32cube.ide.mcu.externaltools.gnu-tools-for-stm32.9-2020-q2-update.win32_1.5.0.202011040924/tools/bin/../lib/gcc/arm-none-eabi/9.3.1/thumb/v7-m/nofp/crtbegin.o
                0x000000002000000c                . = ALIGN (0x4)

.bss            0x000000002000000c       0xe4 load address 0x0000000008002744
                0x000000002000000c                _sbss = .
                0x000000002000000c                __bss_start__ = _sbss
 *(.bss)
 .bss           0x000000002000000c       0x1c c:/st/stm32cubeide_1.6.1/stm32cubeide/plugins/com.st.stm32cube.ide.mcu.externaltools.gnu-tools-for-stm32.9-2020-q2-update.win32_1.5.0.202011040924/tools/bin/../lib/gcc/arm-none-eabi/9.3.1/thumb/v7-m/nofp/crtbegin.o
 *(.bss*)
 .bss.hcan      0x0000000020000028       0x28 Core/Src/CanClass.o
                0x0000000020000028                hcan
 .bss.led_laston
                0x0000000020000050        0x4 Core/Src/led.o
 .bss.led_lastoff
                0x0000000020000054        0x4 Core/Src/led.o
 .bss._ZL10is_enabled
                0x0000000020000058        0x1 Core/Src/solenoid_drive(sld).o
 *fill*         0x0000000020000059        0x3 
 .bss._ZN12_GLOBAL__N_13canE
                0x000000002000005c       0x8c Core/Src/wrapper.o
 .bss._ZN12_GLOBAL__N_113receive_data1E
                0x00000000200000e8        0x1 Core/Src/wrapper.o
 .bss._ZN12_GLOBAL__N_113receive_data2E
                0x00000000200000e9        0x1 Core/Src/wrapper.o
 *(COMMON)
 *fill*         0x00000000200000ea        0x2 
 COMMON         0x00000000200000ec        0x4 Drivers/STM32F1xx_HAL_Driver/Src/stm32f1xx_hal.o
                0x00000000200000ec                uwTick
                0x00000000200000f0                . = ALIGN (0x4)
                0x00000000200000f0                _ebss = .
                0x00000000200000f0                __bss_end__ = _ebss

._user_heap_stack
                0x00000000200000f0      0x600 load address 0x0000000008002744
                0x00000000200000f0                . = ALIGN (0x8)
                [!provide]                        PROVIDE (end = .)
                0x00000000200000f0                PROVIDE (_end = .)
                0x00000000200002f0                . = (. + _Min_Heap_Size)
 *fill*         0x00000000200000f0      0x200 
                0x00000000200006f0                . = (. + _Min_Stack_Size)
 *fill*         0x00000000200002f0      0x400 
                0x00000000200006f0                . = ALIGN (0x8)

/DISCARD/
 libc.a(*)
 libm.a(*)
 libgcc.a(*)

.ARM.attributes
                0x0000000000000000       0x29
 *(.ARM.attributes)
 .ARM.attributes
                0x0000000000000000       0x1d c:/st/stm32cubeide_1.6.1/stm32cubeide/plugins/com.st.stm32cube.ide.mcu.externaltools.gnu-tools-for-stm32.9-2020-q2-update.win32_1.5.0.202011040924/tools/bin/../lib/gcc/arm-none-eabi/9.3.1/thumb/v7-m/nofp/crti.o
 .ARM.attributes
                0x000000000000001d       0x2d c:/st/stm32cubeide_1.6.1/stm32cubeide/plugins/com.st.stm32cube.ide.mcu.externaltools.gnu-tools-for-stm32.9-2020-q2-update.win32_1.5.0.202011040924/tools/bin/../lib/gcc/arm-none-eabi/9.3.1/thumb/v7-m/nofp/crtbegin.o
 .ARM.attributes
                0x000000000000004a       0x2d Core/Src/CanClass.o
 .ARM.attributes
                0x0000000000000077       0x2d Core/Src/led.o
 .ARM.attributes
                0x00000000000000a4       0x2d Core/Src/main.o
 .ARM.attributes
                0x00000000000000d1       0x2d Core/Src/solenoid_drive(sld).o
 .ARM.attributes
                0x00000000000000fe       0x2d Core/Src/stm32f1xx_hal_msp.o
 .ARM.attributes
                0x000000000000012b       0x2d Core/Src/stm32f1xx_it.o
 .ARM.attributes
                0x0000000000000158       0x2d Core/Src/system_stm32f1xx.o
 .ARM.attributes
                0x0000000000000185       0x2d Core/Src/wrapper.o
 .ARM.attributes
                0x00000000000001b2       0x21 Core/Startup/startup_stm32f103c8tx.o
 .ARM.attributes
                0x00000000000001d3       0x2d Drivers/STM32F1xx_HAL_Driver/Src/stm32f1xx_hal.o
 .ARM.attributes
                0x0000000000000200       0x2d Drivers/STM32F1xx_HAL_Driver/Src/stm32f1xx_hal_can.o
 .ARM.attributes
                0x000000000000022d       0x2d Drivers/STM32F1xx_HAL_Driver/Src/stm32f1xx_hal_cortex.o
 .ARM.attributes
                0x000000000000025a       0x2d Drivers/STM32F1xx_HAL_Driver/Src/stm32f1xx_hal_gpio.o
 .ARM.attributes
                0x0000000000000287       0x2d Drivers/STM32F1xx_HAL_Driver/Src/stm32f1xx_hal_rcc.o
 .ARM.attributes
                0x00000000000002b4       0x2d c:/st/stm32cubeide_1.6.1/stm32cubeide/plugins/com.st.stm32cube.ide.mcu.externaltools.gnu-tools-for-stm32.9-2020-q2-update.win32_1.5.0.202011040924/tools/bin/../lib/gcc/arm-none-eabi/9.3.1/../../../../arm-none-eabi/lib/thumb/v7-m/nofp\libc_nano.a(lib_a-init.o)
 .ARM.attributes
                0x00000000000002e1       0x2d c:/st/stm32cubeide_1.6.1/stm32cubeide/plugins/com.st.stm32cube.ide.mcu.externaltools.gnu-tools-for-stm32.9-2020-q2-update.win32_1.5.0.202011040924/tools/bin/../lib/gcc/arm-none-eabi/9.3.1/../../../../arm-none-eabi/lib/thumb/v7-m/nofp\libc_nano.a(lib_a-memset.o)
 .ARM.attributes
                0x000000000000030e       0x1d c:/st/stm32cubeide_1.6.1/stm32cubeide/plugins/com.st.stm32cube.ide.mcu.externaltools.gnu-tools-for-stm32.9-2020-q2-update.win32_1.5.0.202011040924/tools/bin/../lib/gcc/arm-none-eabi/9.3.1/thumb/v7-m/nofp/crtn.o
OUTPUT(f103sld_remake.elf elf32-littlearm)
LOAD linker stubs
LOAD c:/st/stm32cubeide_1.6.1/stm32cubeide/plugins/com.st.stm32cube.ide.mcu.externaltools.gnu-tools-for-stm32.9-2020-q2-update.win32_1.5.0.202011040924/tools/bin/../lib/gcc/arm-none-eabi/9.3.1/../../../../arm-none-eabi/lib/thumb/v7-m/nofp\libc.a
LOAD c:/st/stm32cubeide_1.6.1/stm32cubeide/plugins/com.st.stm32cube.ide.mcu.externaltools.gnu-tools-for-stm32.9-2020-q2-update.win32_1.5.0.202011040924/tools/bin/../lib/gcc/arm-none-eabi/9.3.1/../../../../arm-none-eabi/lib/thumb/v7-m/nofp\libm.a
LOAD c:/st/stm32cubeide_1.6.1/stm32cubeide/plugins/com.st.stm32cube.ide.mcu.externaltools.gnu-tools-for-stm32.9-2020-q2-update.win32_1.5.0.202011040924/tools/bin/../lib/gcc/arm-none-eabi/9.3.1/thumb/v7-m/nofp\libgcc.a

.debug_info     0x0000000000000000     0x715f
 .debug_info    0x0000000000000000      0xdb2 Core/Src/CanClass.o
 .debug_info    0x0000000000000db2      0x242 Core/Src/led.o
 .debug_info    0x0000000000000ff4      0xb07 Core/Src/main.o
 .debug_info    0x0000000000001afb      0x347 Core/Src/solenoid_drive(sld).o
 .debug_info    0x0000000000001e42      0x9a3 Core/Src/stm32f1xx_hal_msp.o
 .debug_info    0x00000000000027e5      0x63a Core/Src/stm32f1xx_it.o
 .debug_info    0x0000000000002e1f      0x2be Core/Src/system_stm32f1xx.o
 .debug_info    0x00000000000030dd      0xd0c Core/Src/wrapper.o
 .debug_info    0x0000000000003de9       0x22 Core/Startup/startup_stm32f103c8tx.o
 .debug_info    0x0000000000003e0b      0x76a Drivers/STM32F1xx_HAL_Driver/Src/stm32f1xx_hal.o
 .debug_info    0x0000000000004575     0x107f Drivers/STM32F1xx_HAL_Driver/Src/stm32f1xx_hal_can.o
 .debug_info    0x00000000000055f4      0xbdc Drivers/STM32F1xx_HAL_Driver/Src/stm32f1xx_hal_cortex.o
 .debug_info    0x00000000000061d0      0x701 Drivers/STM32F1xx_HAL_Driver/Src/stm32f1xx_hal_gpio.o
 .debug_info    0x00000000000068d1      0x88e Drivers/STM32F1xx_HAL_Driver/Src/stm32f1xx_hal_rcc.o

.debug_abbrev   0x0000000000000000     0x1b92
 .debug_abbrev  0x0000000000000000      0x31d Core/Src/CanClass.o
 .debug_abbrev  0x000000000000031d      0x109 Core/Src/led.o
 .debug_abbrev  0x0000000000000426      0x230 Core/Src/main.o
 .debug_abbrev  0x0000000000000656      0x16d Core/Src/solenoid_drive(sld).o
 .debug_abbrev  0x00000000000007c3      0x1e0 Core/Src/stm32f1xx_hal_msp.o
 .debug_abbrev  0x00000000000009a3      0x16e Core/Src/stm32f1xx_it.o
 .debug_abbrev  0x0000000000000b11      0x14e Core/Src/system_stm32f1xx.o
 .debug_abbrev  0x0000000000000c5f      0x391 Core/Src/wrapper.o
 .debug_abbrev  0x0000000000000ff0       0x12 Core/Startup/startup_stm32f103c8tx.o
 .debug_abbrev  0x0000000000001002      0x1ed Drivers/STM32F1xx_HAL_Driver/Src/stm32f1xx_hal.o
 .debug_abbrev  0x00000000000011ef      0x235 Drivers/STM32F1xx_HAL_Driver/Src/stm32f1xx_hal_can.o
 .debug_abbrev  0x0000000000001424      0x313 Drivers/STM32F1xx_HAL_Driver/Src/stm32f1xx_hal_cortex.o
 .debug_abbrev  0x0000000000001737      0x1e8 Drivers/STM32F1xx_HAL_Driver/Src/stm32f1xx_hal_gpio.o
 .debug_abbrev  0x000000000000191f      0x273 Drivers/STM32F1xx_HAL_Driver/Src/stm32f1xx_hal_rcc.o

.debug_aranges  0x0000000000000000      0x660
 .debug_aranges
                0x0000000000000000       0x88 Core/Src/CanClass.o
 .debug_aranges
                0x0000000000000088       0x28 Core/Src/led.o
 .debug_aranges
                0x00000000000000b0       0x40 Core/Src/main.o
 .debug_aranges
                0x00000000000000f0       0x38 Core/Src/solenoid_drive(sld).o
 .debug_aranges
                0x0000000000000128       0x30 Core/Src/stm32f1xx_hal_msp.o
 .debug_aranges
                0x0000000000000158       0x70 Core/Src/stm32f1xx_it.o
 .debug_aranges
                0x00000000000001c8       0x28 Core/Src/system_stm32f1xx.o
 .debug_aranges
                0x00000000000001f0       0x48 Core/Src/wrapper.o
 .debug_aranges
                0x0000000000000238       0x28 Core/Startup/startup_stm32f103c8tx.o
 .debug_aranges
                0x0000000000000260       0xe0 Drivers/STM32F1xx_HAL_Driver/Src/stm32f1xx_hal.o
 .debug_aranges
                0x0000000000000340      0x138 Drivers/STM32F1xx_HAL_Driver/Src/stm32f1xx_hal_can.o
 .debug_aranges
                0x0000000000000478      0x100 Drivers/STM32F1xx_HAL_Driver/Src/stm32f1xx_hal_cortex.o
 .debug_aranges
                0x0000000000000578       0x58 Drivers/STM32F1xx_HAL_Driver/Src/stm32f1xx_hal_gpio.o
 .debug_aranges
                0x00000000000005d0       0x90 Drivers/STM32F1xx_HAL_Driver/Src/stm32f1xx_hal_rcc.o

.debug_ranges   0x0000000000000000      0x588
 .debug_ranges  0x0000000000000000       0x78 Core/Src/CanClass.o
 .debug_ranges  0x0000000000000078       0x18 Core/Src/led.o
 .debug_ranges  0x0000000000000090       0x30 Core/Src/main.o
 .debug_ranges  0x00000000000000c0       0x28 Core/Src/solenoid_drive(sld).o
 .debug_ranges  0x00000000000000e8       0x20 Core/Src/stm32f1xx_hal_msp.o
 .debug_ranges  0x0000000000000108       0x60 Core/Src/stm32f1xx_it.o
 .debug_ranges  0x0000000000000168       0x18 Core/Src/system_stm32f1xx.o
 .debug_ranges  0x0000000000000180       0x38 Core/Src/wrapper.o
 .debug_ranges  0x00000000000001b8       0x20 Core/Startup/startup_stm32f103c8tx.o
 .debug_ranges  0x00000000000001d8       0xd0 Drivers/STM32F1xx_HAL_Driver/Src/stm32f1xx_hal.o
 .debug_ranges  0x00000000000002a8      0x128 Drivers/STM32F1xx_HAL_Driver/Src/stm32f1xx_hal_can.o
 .debug_ranges  0x00000000000003d0       0xf0 Drivers/STM32F1xx_HAL_Driver/Src/stm32f1xx_hal_cortex.o
 .debug_ranges  0x00000000000004c0       0x48 Drivers/STM32F1xx_HAL_Driver/Src/stm32f1xx_hal_gpio.o
 .debug_ranges  0x0000000000000508       0x80 Drivers/STM32F1xx_HAL_Driver/Src/stm32f1xx_hal_rcc.o

.debug_macro    0x0000000000000000    0x180da
 .debug_macro   0x0000000000000000      0x1b0 Core/Src/CanClass.o
 .debug_macro   0x00000000000001b0      0xb74 Core/Src/CanClass.o
 .debug_macro   0x0000000000000d24      0x215 Core/Src/CanClass.o
 .debug_macro   0x0000000000000f39       0x2e Core/Src/CanClass.o
 .debug_macro   0x0000000000000f67       0x22 Core/Src/CanClass.o
 .debug_macro   0x0000000000000f89       0x1c Core/Src/CanClass.o
 .debug_macro   0x0000000000000fa5       0x22 Core/Src/CanClass.o
 .debug_macro   0x0000000000000fc7       0x8e Core/Src/CanClass.o
 .debug_macro   0x0000000000001055       0x51 Core/Src/CanClass.o
 .debug_macro   0x00000000000010a6      0x103 Core/Src/CanClass.o
 .debug_macro   0x00000000000011a9       0x6a Core/Src/CanClass.o
 .debug_macro   0x0000000000001213      0x1df Core/Src/CanClass.o
 .debug_macro   0x00000000000013f2       0x1c Core/Src/CanClass.o
 .debug_macro   0x000000000000140e       0x22 Core/Src/CanClass.o
 .debug_macro   0x0000000000001430       0xc3 Core/Src/CanClass.o
 .debug_macro   0x00000000000014f3      0xd23 Core/Src/CanClass.o
 .debug_macro   0x0000000000002216     0xe097 Core/Src/CanClass.o
 .debug_macro   0x00000000000102ad       0x43 Core/Src/CanClass.o
 .debug_macro   0x00000000000102f0     0x3468 Core/Src/CanClass.o
 .debug_macro   0x0000000000013758      0x17b Core/Src/CanClass.o
 .debug_macro   0x00000000000138d3       0x5c Core/Src/CanClass.o
 .debug_macro   0x000000000001392f      0x5be Core/Src/CanClass.o
 .debug_macro   0x0000000000013eed      0x289 Core/Src/CanClass.o
 .debug_macro   0x0000000000014176      0x1cb Core/Src/CanClass.o
 .debug_macro   0x0000000000014341      0x114 Core/Src/CanClass.o
 .debug_macro   0x0000000000014455      0x1b2 Core/Src/CanClass.o
 .debug_macro   0x0000000000014607       0x27 Core/Src/CanClass.o
 .debug_macro   0x000000000001462e      0x136 Core/Src/CanClass.o
 .debug_macro   0x0000000000014764      0x1bc Core/Src/CanClass.o
 .debug_macro   0x0000000000014920       0x34 Core/Src/CanClass.o
 .debug_macro   0x0000000000014954       0x3c Core/Src/CanClass.o
 .debug_macro   0x0000000000014990      0x408 Core/Src/CanClass.o
 .debug_macro   0x0000000000014d98       0x57 Core/Src/CanClass.o
 .debug_macro   0x0000000000014def       0x88 Core/Src/CanClass.o
 .debug_macro   0x0000000000014e77      0x241 Core/Src/CanClass.o
 .debug_macro   0x00000000000150b8      0x141 Core/Src/CanClass.o
 .debug_macro   0x00000000000151f9       0x83 Core/Src/CanClass.o
 .debug_macro   0x000000000001527c       0x9a Core/Src/CanClass.o
 .debug_macro   0x0000000000015316      0x1a0 Core/Src/led.o
 .debug_macro   0x00000000000154b6      0xa9c Core/Src/led.o
 .debug_macro   0x0000000000015f52      0xd23 Core/Src/led.o
 .debug_macro   0x0000000000016c75      0x174 Core/Src/led.o
 .debug_macro   0x0000000000016de9       0xa0 Core/Src/led.o
 .debug_macro   0x0000000000016e89       0x10 Core/Src/led.o
 .debug_macro   0x0000000000016e99      0x19d Core/Src/main.o
 .debug_macro   0x0000000000017036      0x1a6 Core/Src/solenoid_drive(sld).o
 .debug_macro   0x00000000000171dc      0x19d Core/Src/stm32f1xx_hal_msp.o
 .debug_macro   0x0000000000017379      0x1a7 Core/Src/stm32f1xx_it.o
 .debug_macro   0x0000000000017520      0x18e Core/Src/system_stm32f1xx.o
 .debug_macro   0x00000000000176ae      0x1bd Core/Src/wrapper.o
 .debug_macro   0x000000000001786b      0x1b2 Drivers/STM32F1xx_HAL_Driver/Src/stm32f1xx_hal.o
 .debug_macro   0x0000000000017a1d      0x196 Drivers/STM32F1xx_HAL_Driver/Src/stm32f1xx_hal_can.o
 .debug_macro   0x0000000000017bb3      0x18e Drivers/STM32F1xx_HAL_Driver/Src/stm32f1xx_hal_cortex.o
 .debug_macro   0x0000000000017d41      0x1f9 Drivers/STM32F1xx_HAL_Driver/Src/stm32f1xx_hal_gpio.o
 .debug_macro   0x0000000000017f3a      0x1a0 Drivers/STM32F1xx_HAL_Driver/Src/stm32f1xx_hal_rcc.o

.debug_line     0x0000000000000000     0x75e6
 .debug_line    0x0000000000000000      0x8fa Core/Src/CanClass.o
 .debug_line    0x00000000000008fa      0x6a6 Core/Src/led.o
 .debug_line    0x0000000000000fa0      0x739 Core/Src/main.o
 .debug_line    0x00000000000016d9      0x72f Core/Src/solenoid_drive(sld).o
 .debug_line    0x0000000000001e08      0x6a4 Core/Src/stm32f1xx_hal_msp.o
 .debug_line    0x00000000000024ac      0x73d Core/Src/stm32f1xx_it.o
 .debug_line    0x0000000000002be9      0x6c9 Core/Src/system_stm32f1xx.o
 .debug_line    0x00000000000032b2      0x7b4 Core/Src/wrapper.o
 .debug_line    0x0000000000003a66       0x84 Core/Startup/startup_stm32f103c8tx.o
 .debug_line    0x0000000000003aea      0x8f6 Drivers/STM32F1xx_HAL_Driver/Src/stm32f1xx_hal.o
 .debug_line    0x00000000000043e0     0x1097 Drivers/STM32F1xx_HAL_Driver/Src/stm32f1xx_hal_can.o
 .debug_line    0x0000000000005477      0xade Drivers/STM32F1xx_HAL_Driver/Src/stm32f1xx_hal_cortex.o
 .debug_line    0x0000000000005f55      0x98d Drivers/STM32F1xx_HAL_Driver/Src/stm32f1xx_hal_gpio.o
 .debug_line    0x00000000000068e2      0xd04 Drivers/STM32F1xx_HAL_Driver/Src/stm32f1xx_hal_rcc.o

.debug_str      0x0000000000000000    0x7ecc2
 .debug_str     0x0000000000000000    0x7d39d Core/Src/CanClass.o
                                      0x7d83d (size before relaxing)
 .debug_str     0x000000000007d39d      0x1c7 Core/Src/led.o
                                      0x7cbd0 (size before relaxing)
 .debug_str     0x000000000007d564      0x437 Core/Src/main.o
                                      0x7d363 (size before relaxing)
 .debug_str     0x000000000007d99b       0xb6 Core/Src/solenoid_drive(sld).o
                                      0x7d138 (size before relaxing)
 .debug_str     0x000000000007da51       0x72 Core/Src/stm32f1xx_hal_msp.o
                                      0x7d1ec (size before relaxing)
 .debug_str     0x000000000007dac3       0xd2 Core/Src/stm32f1xx_it.o
                                      0x7cf09 (size before relaxing)
 .debug_str     0x000000000007db95       0x52 Core/Src/system_stm32f1xx.o
                                      0x7c958 (size before relaxing)
 .debug_str     0x000000000007dbe7      0x139 Core/Src/wrapper.o
                                      0x7d9c8 (size before relaxing)
 .debug_str     0x000000000007dd20       0x36 Core/Startup/startup_stm32f103c8tx.o
                                         0x77 (size before relaxing)
 .debug_str     0x000000000007dd56      0x2f2 Drivers/STM32F1xx_HAL_Driver/Src/stm32f1xx_hal.o
                                      0x7cfe9 (size before relaxing)
 .debug_str     0x000000000007e048      0x463 Drivers/STM32F1xx_HAL_Driver/Src/stm32f1xx_hal_can.o
                                      0x7d178 (size before relaxing)
 .debug_str     0x000000000007e4ab      0x2cf Drivers/STM32F1xx_HAL_Driver/Src/stm32f1xx_hal_cortex.o
                                      0x7cff1 (size before relaxing)
 .debug_str     0x000000000007e77a      0x304 Drivers/STM32F1xx_HAL_Driver/Src/stm32f1xx_hal_gpio.o
                                      0x7cd1c (size before relaxing)
 .debug_str     0x000000000007ea7e      0x244 Drivers/STM32F1xx_HAL_Driver/Src/stm32f1xx_hal_rcc.o
                                      0x7cd55 (size before relaxing)

.comment        0x0000000000000000       0x53
 .comment       0x0000000000000000       0x53 Core/Src/CanClass.o
                                         0x54 (size before relaxing)
 .comment       0x0000000000000053       0x54 Core/Src/led.o
 .comment       0x0000000000000053       0x54 Core/Src/main.o
 .comment       0x0000000000000053       0x54 Core/Src/solenoid_drive(sld).o
 .comment       0x0000000000000053       0x54 Core/Src/stm32f1xx_hal_msp.o
 .comment       0x0000000000000053       0x54 Core/Src/stm32f1xx_it.o
 .comment       0x0000000000000053       0x54 Core/Src/system_stm32f1xx.o
 .comment       0x0000000000000053       0x54 Core/Src/wrapper.o
 .comment       0x0000000000000053       0x54 Drivers/STM32F1xx_HAL_Driver/Src/stm32f1xx_hal.o
 .comment       0x0000000000000053       0x54 Drivers/STM32F1xx_HAL_Driver/Src/stm32f1xx_hal_can.o
 .comment       0x0000000000000053       0x54 Drivers/STM32F1xx_HAL_Driver/Src/stm32f1xx_hal_cortex.o
 .comment       0x0000000000000053       0x54 Drivers/STM32F1xx_HAL_Driver/Src/stm32f1xx_hal_gpio.o
 .comment       0x0000000000000053       0x54 Drivers/STM32F1xx_HAL_Driver/Src/stm32f1xx_hal_rcc.o

.debug_frame    0x0000000000000000     0x1744
 .debug_frame   0x0000000000000000      0x218 Core/Src/CanClass.o
 .debug_frame   0x0000000000000218       0x48 Core/Src/led.o
 .debug_frame   0x0000000000000260       0xb0 Core/Src/main.o
 .debug_frame   0x0000000000000310       0x94 Core/Src/solenoid_drive(sld).o
 .debug_frame   0x00000000000003a4       0x80 Core/Src/stm32f1xx_hal_msp.o
 .debug_frame   0x0000000000000424      0x13c Core/Src/stm32f1xx_it.o
 .debug_frame   0x0000000000000560       0x58 Core/Src/system_stm32f1xx.o
 .debug_frame   0x00000000000005b8       0xdc Core/Src/wrapper.o
 .debug_frame   0x0000000000000694      0x334 Drivers/STM32F1xx_HAL_Driver/Src/stm32f1xx_hal.o
 .debug_frame   0x00000000000009c8      0x5a0 Drivers/STM32F1xx_HAL_Driver/Src/stm32f1xx_hal_can.o
 .debug_frame   0x0000000000000f68      0x428 Drivers/STM32F1xx_HAL_Driver/Src/stm32f1xx_hal_cortex.o
 .debug_frame   0x0000000000001390      0x14c Drivers/STM32F1xx_HAL_Driver/Src/stm32f1xx_hal_gpio.o
 .debug_frame   0x00000000000014dc      0x21c Drivers/STM32F1xx_HAL_Driver/Src/stm32f1xx_hal_rcc.o
 .debug_frame   0x00000000000016f8       0x2c c:/st/stm32cubeide_1.6.1/stm32cubeide/plugins/com.st.stm32cube.ide.mcu.externaltools.gnu-tools-for-stm32.9-2020-q2-update.win32_1.5.0.202011040924/tools/bin/../lib/gcc/arm-none-eabi/9.3.1/../../../../arm-none-eabi/lib/thumb/v7-m/nofp\libc_nano.a(lib_a-init.o)
 .debug_frame   0x0000000000001724       0x20 c:/st/stm32cubeide_1.6.1/stm32cubeide/plugins/com.st.stm32cube.ide.mcu.externaltools.gnu-tools-for-stm32.9-2020-q2-update.win32_1.5.0.202011040924/tools/bin/../lib/gcc/arm-none-eabi/9.3.1/../../../../arm-none-eabi/lib/thumb/v7-m/nofp\libc_nano.a(lib_a-memset.o)
